{
  "version": "1.5.0",
  "plugins_used": [
    {
      "name": "ArtifactoryDetector"
    },
    {
      "name": "AWSKeyDetector"
    },
    {
      "name": "AzureStorageKeyDetector"
    },
    {
      "name": "Base64HighEntropyString",
      "limit": 4.5
    },
    {
      "name": "BasicAuthDetector"
    },
    {
      "name": "CloudantDetector"
    },
    {
      "name": "DiscordBotTokenDetector"
    },
    {
      "name": "GitHubTokenDetector"
    },
    {
      "name": "GitLabTokenDetector"
    },
    {
      "name": "HexHighEntropyString",
      "limit": 3.0
    },
    {
      "name": "IbmCloudIamDetector"
    },
    {
      "name": "IbmCosHmacDetector"
    },
    {
      "name": "IPPublicDetector"
    },
    {
      "name": "JwtTokenDetector"
    },
    {
      "name": "KeywordDetector",
      "keyword_exclude": ""
    },
    {
      "name": "MailchimpDetector"
    },
    {
      "name": "NpmDetector"
    },
    {
      "name": "OpenAIDetector"
    },
    {
      "name": "PrivateKeyDetector"
    },
    {
      "name": "PypiTokenDetector"
    },
    {
      "name": "SendGridDetector"
    },
    {
      "name": "SlackDetector"
    },
    {
      "name": "SoftlayerDetector"
    },
    {
      "name": "SquareOAuthDetector"
    },
    {
      "name": "StripeDetector"
    },
    {
      "name": "TelegramBotTokenDetector"
    },
    {
      "name": "TwilioKeyDetector"
    }
  ],
  "filters_used": [
    {
      "path": "detect_secrets.filters.allowlist.is_line_allowlisted"
    },
    {
      "path": "detect_secrets.filters.common.is_ignored_due_to_verification_policies",
      "min_level": 2
    },
    {
      "path": "detect_secrets.filters.heuristic.is_indirect_reference"
    },
    {
      "path": "detect_secrets.filters.heuristic.is_likely_id_string"
    },
    {
      "path": "detect_secrets.filters.heuristic.is_lock_file"
    },
    {
      "path": "detect_secrets.filters.heuristic.is_not_alphanumeric_string"
    },
    {
      "path": "detect_secrets.filters.heuristic.is_potential_uuid"
    },
    {
      "path": "detect_secrets.filters.heuristic.is_prefixed_with_dollar_sign"
    },
    {
      "path": "detect_secrets.filters.heuristic.is_sequential_string"
    },
    {
      "path": "detect_secrets.filters.heuristic.is_swagger_file"
    },
    {
      "path": "detect_secrets.filters.heuristic.is_templated_secret"
    }
  ],
  "results": {
    ".env.example": [
      {
        "type": "Basic Auth Credentials",
        "filename": ".env.example",
        "hashed_secret": "1547184f6840de9407c678aecbc5fe092c4225a4",
        "is_verified": false,
        "line_number": 21
      }
    ],
    ".github/workflows/ci.yml": [
      {
        "type": "Secret Keyword",
        "filename": ".github/workflows/ci.yml",
        "hashed_secret": "9fb7fe1217aed442b04c0f5e43b5d5a7d3287097",
        "is_verified": false,
        "line_number": 42
      },
      {
        "type": "Basic Auth Credentials",
        "filename": ".github/workflows/ci.yml",
        "hashed_secret": "9fb7fe1217aed442b04c0f5e43b5d5a7d3287097",
        "is_verified": false,
        "line_number": 68
      },
      {
        "type": "Secret Keyword",
        "filename": ".github/workflows/ci.yml",
        "hashed_secret": "23da96f52ce2c5bce10a1a51a0a38b6ebc2d8623",
        "is_verified": false,
        "line_number": 70
      }
    ],
    "README.md": [
      {
        "type": "Secret Keyword",
        "filename": "README.md",
        "hashed_secret": "b02c6bf2b2b576d253f5c9db76999eebc4f00ad2",
        "is_verified": false,
        "line_number": 181
      }
    ],
    "crates/nexus-common/src/models/user.rs": [
      {
        "type": "Secret Keyword",
        "filename": "crates/nexus-common/src/models/user.rs",
        "hashed_secret": "ea0c04513c32717f3a09ff7b1fa882c4d8424b2a",
        "is_verified": false,
        "line_number": 295
      },
      {
        "type": "Secret Keyword",
        "filename": "crates/nexus-common/src/models/user.rs",
        "hashed_secret": "a0f4ea7d91495df92bbac2e2149dfb850fe81396",
        "is_verified": false,
        "line_number": 361
      }
    ],
    "crates/nexus-db/src/email_crypto.rs": [
      {
        "type": "Hex High Entropy String",
        "filename": "crates/nexus-db/src/email_crypto.rs",
        "hashed_secret": "ed9d763ce657e24370c7ef5517286b4a276175c6",
        "is_verified": false,
        "line_number": 137
      }
    ],
    "deploy/helm/values.yaml": [
      {
        "type": "Secret Keyword",
        "filename": "deploy/helm/values.yaml",
        "hashed_secret": "a5557bfae7eafe63c31766098227d6fbf50ac5bd",
        "is_verified": false,
        "line_number": 38
      },
      {
        "type": "Secret Keyword",
        "filename": "deploy/helm/values.yaml",
        "hashed_secret": "e95e26570ebd63914648088f80ade3df0a4d3112",
        "is_verified": false,
        "line_number": 76
      },
      {
        "type": "Secret Keyword",
        "filename": "deploy/helm/values.yaml",
        "hashed_secret": "7205a0abf00d1daec13c63ece029057c974795a9",
        "is_verified": false,
        "line_number": 77
      }
    ],
    "deploy/packs/windows/nexus-start.ps1": [
      {
        "type": "Base64 High Entropy String",
        "filename": "deploy/packs/windows/nexus-start.ps1",
        "hashed_secret": "227861baeb934c7f968b339f58c746651438f093",
        "is_verified": false,
        "line_number": 98
      }
    ],
    "docker-compose.yml": [
      {
        "type": "Secret Keyword",
        "filename": "docker-compose.yml",
        "hashed_secret": "1547184f6840de9407c678aecbc5fe092c4225a4",
        "is_verified": false,
        "line_number": 14
      }
    ],
    "docs/deployment/environment-variables.md": [
      {
        "type": "Basic Auth Credentials",
        "filename": "docs/deployment/environment-variables.md",
        "hashed_secret": "9d4e1e23bd5b727046a9e3b4b7db57bd8d6ee684",
        "is_verified": false,
        "line_number": 29
      }
    ],
    "packages/nexus-web/public/locales/de/translation.json": [
      {
        "type": "Secret Keyword",
        "filename": "packages/nexus-web/public/locales/de/translation.json",
        "hashed_secret": "0719708d1cc814839bd818fdc27d446652f03383",
        "is_verified": false,
        "line_number": 45
      },
      {
        "type": "Secret Keyword",
        "filename": "packages/nexus-web/public/locales/de/translation.json",
        "hashed_secret": "478b138fb0ae8fce12f93f045bcca383eedc777d",
        "is_verified": false,
        "line_number": 48
      },
      {
        "type": "Secret Keyword",
        "filename": "packages/nexus-web/public/locales/de/translation.json",
        "hashed_secret": "49c64f468dd38410e128aaa8e6766b96ca50e5bc",
        "is_verified": false,
        "line_number": 49
      },
      {
        "type": "Secret Keyword",
        "filename": "packages/nexus-web/public/locales/de/translation.json",
        "hashed_secret": "ac8579f409c20038756de0bb3ea981f0637d8acb",
        "is_verified": false,
        "line_number": 50
      },
      {
        "type": "Secret Keyword",
        "filename": "packages/nexus-web/public/locales/de/translation.json",
        "hashed_secret": "17ecf05c76f2c23b44b9b663939802e2e8621dcb",
        "is_verified": false,
        "line_number": 65
      }
    ],
    "packages/nexus-web/public/locales/en/translation.json": [
      {
        "type": "Secret Keyword",
        "filename": "packages/nexus-web/public/locales/en/translation.json",
        "hashed_secret": "8be3c943b1609fffbfc51aad666d0a04adf83c9d",
        "is_verified": false,
        "line_number": 45
      },
      {
        "type": "Secret Keyword",
        "filename": "packages/nexus-web/public/locales/en/translation.json",
        "hashed_secret": "4a7c565d4c4430e3bb8fa6c560125d5eb37e7c3d",
        "is_verified": false,
        "line_number": 48
      },
      {
        "type": "Secret Keyword",
        "filename": "packages/nexus-web/public/locales/en/translation.json",
        "hashed_secret": "4c29f7f0335807c2524d8c36d531496aee23f473",
        "is_verified": false,
        "line_number": 49
      },
      {
        "type": "Secret Keyword",
        "filename": "packages/nexus-web/public/locales/en/translation.json",
        "hashed_secret": "5c4bc97ee5d0ac344829dbcef02d7302feb098a8",
        "is_verified": false,
        "line_number": 50
      },
      {
        "type": "Secret Keyword",
        "filename": "packages/nexus-web/public/locales/en/translation.json",
        "hashed_secret": "5bbade16085ee4768c5c4b60ca3b703990690323",
        "is_verified": false,
        "line_number": 62
      }
    ],
    "packages/nexus-web/public/locales/es/translation.json": [
      {
        "type": "Secret Keyword",
        "filename": "packages/nexus-web/public/locales/es/translation.json",
        "hashed_secret": "5a6d1c612954979ea99ee33dbb2d231b00f6ac0a",
        "is_verified": false,
        "line_number": 45
      },
      {
        "type": "Secret Keyword",
        "filename": "packages/nexus-web/public/locales/es/translation.json",
        "hashed_secret": "1cf31e02bf7c19d36f7fd85ca673beb6ab075457",
        "is_verified": false,
        "line_number": 48
      },
      {
        "type": "Secret Keyword",
        "filename": "packages/nexus-web/public/locales/es/translation.json",
        "hashed_secret": "7e4227ab97ef4698b0809f4bce68912800b4063f",
        "is_verified": false,
        "line_number": 50
      },
      {
        "type": "Secret Keyword",
        "filename": "packages/nexus-web/public/locales/es/translation.json",
        "hashed_secret": "360f22fb8f0c2dd5e3c904b620b5cee2f0aa58e1",
        "is_verified": false,
        "line_number": 65
      }
    ],
    "packages/nexus-web/public/locales/fr/translation.json": [
      {
        "type": "Secret Keyword",
        "filename": "packages/nexus-web/public/locales/fr/translation.json",
        "hashed_secret": "94e2f3ee14b92e2e675a8f6118d28738dbf5c6ba",
        "is_verified": false,
        "line_number": 45
      },
      {
        "type": "Secret Keyword",
        "filename": "packages/nexus-web/public/locales/fr/translation.json",
        "hashed_secret": "88362d0d044cf4144e78f646e101110e3f44a9e5",
        "is_verified": false,
        "line_number": 48
      },
      {
        "type": "Secret Keyword",
        "filename": "packages/nexus-web/public/locales/fr/translation.json",
        "hashed_secret": "d95cb56a7a9d98623243e57714e5a93c0cee992e",
        "is_verified": false,
        "line_number": 49
      },
      {
        "type": "Secret Keyword",
        "filename": "packages/nexus-web/public/locales/fr/translation.json",
        "hashed_secret": "a04b65c7dad340d448a41899fca10dab4885cd0c",
        "is_verified": false,
        "line_number": 50
      },
      {
        "type": "Secret Keyword",
        "filename": "packages/nexus-web/public/locales/fr/translation.json",
        "hashed_secret": "4f0ba079d0c23d087fa383cd7f39eef9962eab0a",
        "is_verified": false,
        "line_number": 65
      }
    ],
    "packages/nexus-web/public/locales/pt/translation.json": [
      {
        "type": "Secret Keyword",
        "filename": "packages/nexus-web/public/locales/pt/translation.json",
        "hashed_secret": "deba0172511d5701d964202f4e5de698d5e07c67",
        "is_verified": false,
        "line_number": 45
      },
      {
        "type": "Secret Keyword",
        "filename": "packages/nexus-web/public/locales/pt/translation.json",
        "hashed_secret": "9c469e53fd34bd270037c7e3309345e0383f7331",
        "is_verified": false,
        "line_number": 48
      },
      {
        "type": "Secret Keyword",
        "filename": "packages/nexus-web/public/locales/pt/translation.json",
        "hashed_secret": "ba06a1874a1c2732f6df7838b3eaa8d0bde8e34a",
        "is_verified": false,
        "line_number": 49
      },
      {
        "type": "Secret Keyword",
        "filename": "packages/nexus-web/public/locales/pt/translation.json",
        "hashed_secret": "c46c3f680d905635a6921b359958008cb01a88ca",
        "is_verified": false,
        "line_number": 50
      },
      {
        "type": "Secret Keyword",
        "filename": "packages/nexus-web/public/locales/pt/translation.json",
        "hashed_secret": "c43649012bf4cc60bc4156c0b48f17ef9cc8e0dc",
        "is_verified": false,
        "line_number": 65
      }
    ],
    "scripts/dev.sh": [
      {
        "type": "Basic Auth Credentials",
        "filename": "scripts/dev.sh",
        "hashed_secret": "1547184f6840de9407c678aecbc5fe092c4225a4",
        "is_verified": false,
        "line_number": 47
      }
    ],
    "tests/load/auth.js": [
      {
        "type": "Secret Keyword",
        "filename": "tests/load/auth.js",
        "hashed_secret": "2ae4cb23cf85532fdd7f81448224157538c287c0",
        "is_verified": false,
        "line_number": 64
      }
    ],
    "tests/load/messages.js": [
      {
        "type": "Secret Keyword",
        "filename": "tests/load/messages.js",
        "hashed_secret": "2ae4cb23cf85532fdd7f81448224157538c287c0",
        "is_verified": false,
        "line_number": 59
      }
    ]
  },
  "generated_at": "2026-08-14T11:53:51Z"
}
